2026-08-11 10:38:42,633 - main - INFO - GET /docs - Status: 200 - Time: 0.005s
2026-08-11 10:38:44,777 - main - INFO - GET /openapi.json - Status: 200 - Time: 0.005s
2026-08-11 10:41:57,604 - sqlalchemy.engine.Engine - INFO - select pg_catalog.version()
2026-08-11 10:41:57,605 - sqlalchemy.engine.Engine - INFO - [raw sql] {}
2026-08-11 10:41:57,616 - sqlalchemy.engine.Engine - INFO - select current_schema()
2026-08-11 10:41:57,617 - sqlalchemy.engine.Engine - INFO - [raw sql] {}
2026-08-11 10:41:57,626 - sqlalchemy.engine.Engine - INFO - show standard_conforming_strings
2026-08-11 10:41:57,627 - sqlalchemy.engine.Engine - INFO - [raw sql] {}
2026-08-11 10:41:57,633 - sqlalchemy.engine.Engine - INFO - BEGIN (implicit)
2026-08-11 10:41:57,659 - sqlalchemy.engine.Engine - INFO - SELECT pg_catalog.pg_class.relname 
FROM pg_catalog.pg_class JOIN pg_catalog.pg_namespace ON pg_catalog.pg_namespace.oid = pg_catalog.pg_class.relnamespace 
WHERE pg_catalog.pg_class.relname = %(table_name)s AND pg_catalog.pg_class.relkind = ANY (ARRAY[%(param_1)s, %(param_2)s, %(param_3)s, %(param_4)s, %(param_5)s]) AND pg_catalog.pg_table_is_visible(pg_catalog.pg_class.oid) AND pg_catalog.pg_namespace.nspname != %(nspname_1)s
2026-08-11 10:41:57,660 - sqlalchemy.engine.Engine - INFO - [generated in 0.00160s] {'table_name': 'document', 'param_1': 'r', 'param_2': 'p', 'param_3': 'f', 'param_4': 'v', 'param_5': 'm', 'nspname_1': 'pg_catalog'}
2026-08-11 10:41:57,685 - sqlalchemy.engine.Engine - INFO - SELECT pg_catalog.pg_class.relname 
FROM pg_catalog.pg_class JOIN pg_catalog.pg_namespace ON pg_catalog.pg_namespace.oid = pg_catalog.pg_class.relnamespace 
WHERE pg_catalog.pg_class.relname = %(table_name)s AND pg_catalog.pg_class.relkind = ANY (ARRAY[%(param_1)s, %(param_2)s, %(param_3)s, %(param_4)s, %(param_5)s]) AND pg_catalog.pg_table_is_visible(pg_catalog.pg_class.oid) AND pg_catalog.pg_namespace.nspname != %(nspname_1)s
2026-08-11 10:41:57,686 - sqlalchemy.engine.Engine - INFO - [cached since 0.02689s ago] {'table_name': 'user', 'param_1': 'r', 'param_2': 'p', 'param_3': 'f', 'param_4': 'v', 'param_5': 'm', 'nspname_1': 'pg_catalog'}
2026-08-11 10:41:57,692 - sqlalchemy.engine.Engine - INFO - COMMIT
2026-08-11 10:42:09,373 - main - INFO - GET /docs - Status: 200 - Time: 0.002s
2026-08-11 10:42:09,853 - main - INFO - GET /openapi.json - Status: 200 - Time: 0.065s
